// Jest Snapshot v1, https://goo.gl/fbAQLP

exports[`PageHeader Component should render PageHeader component 1`] = `
<div>
  <div
    class="ant-row pageHeader css-dev-only-do-not-override-14wwjjs"
    style="margin-left: -10px; margin-right: -10px;"
  >
    <div
      class="ant-col ant-col-xs-24 ant-col-sm-24 ant-col-md-24 ant-col-lg-24 ant-col-xl-24 ant-col-xxl-24 css-dev-only-do-not-override-14wwjjs"
      style="padding-left: 10px; padding-right: 10px;"
    >
      <div
        class="ant-space css-dev-only-do-not-override-14wwjjs ant-space-horizontal ant-space-align-center"
      >
        <div
          class="ant-space-item"
        >
          <div>
            <span
              class="headingGradient"
            >
              <span
                class="favIconHeading"
              >
                <svg
                  baseProfile="tiny"
                  color="#B5B5B6"
                  data-testid="addfav"
                  fill="currentColor"
                  height="13"
                  stroke="currentColor"
                  stroke-width="0"
                  style="color: rgb(181, 181, 182);"
                  version="1.2"
                  viewBox="0 0 24 24"
                  width="13"
                  xmlns="http://www.w3.org/2000/svg"
                >
                  <path
                    d="M3.1 11.3l3.6 3.3-1 4.6c-.1.6.1 1.2.6 1.5.2.2.5.3.8.3.2 0 .4 0 .6-.1 0 0 .1 0 .1-.1l4.1-2.3 4.1 2.3s.1 0 .1.1c.5.2 1.1.2 1.5-.1.5-.3.7-.9.6-1.5l-1-4.6c.4-.3 1-.9 1.6-1.5l1.9-1.7.1-.1c.4-.4.5-1 .3-1.5s-.6-.9-1.2-1h-.1l-4.7-.5-1.9-4.3s0-.1-.1-.1c-.1-.7-.6-1-1.1-1-.5 0-1 .3-1.3.8 0 0 0 .1-.1.1l-1.9 4.3-4.7.5h-.1c-.5.1-1 .5-1.2 1-.1.6 0 1.2.4 1.6z"
                  />
                </svg>
              </span>
            </span>
          </div>
        </div>
      </div>
    </div>
  </div>
  <div
    class="ant-row css-dev-only-do-not-override-14wwjjs"
    style="margin-left: -10px; margin-right: -10px;"
  >
    <div
      class="ant-col ant-col-xs-24 ant-col-sm-24 ant-col-md-24 ant-col-lg-24 ant-col-xl-24 ant-col-xxl-24 css-dev-only-do-not-override-14wwjjs"
      style="padding-left: 10px; padding-right: 10px;"
    >
      <div
        class="pageHeaderNameSection"
      />
    </div>
  </div>
  ;
</div>
`;
