// Jest Snapshot v1, https://goo.gl/fbAQLP

exports[`FormProductAttribute component should render the FormProductAttribute components 1`] = `
Object {
  "asFragment": [Function],
  "baseElement": <body>
    <div>
      <form
        autocomplete="off"
        class="ant-form ant-form-vertical css-dev-only-do-not-override-1m62vyb"
        id="myForm"
      >
        <div
          class="ant-row css-dev-only-do-not-override-1m62vyb"
          style="margin-left: -10px; margin-right: -10px;"
        >
          <div
            class="ant-col ant-col-xs-12 ant-col-sm-12 ant-col-md-12 ant-col-lg-12 ant-col-xl-12 ant-col-xxl-12 css-dev-only-do-not-override-1m62vyb"
            style="padding-left: 10px; padding-right: 10px;"
          >
            <div
              class="ant-form-item css-dev-only-do-not-override-1m62vyb"
            >
              <div
                class="ant-row ant-form-item-row css-dev-only-do-not-override-1m62vyb"
              >
                <div
                  class="ant-col ant-form-item-label css-dev-only-do-not-override-1m62vyb"
                >
                  <label
                    class="ant-form-item-required"
                    for="attributeName"
                    title="Attribute Name"
                  >
                    Attribute Name
                  </label>
                </div>
                <div
                  class="ant-col ant-form-item-control css-dev-only-do-not-override-1m62vyb"
                >
                  <div
                    class="ant-form-item-control-input"
                  >
                    <div
                      class="ant-form-item-control-input-content"
                    >
                      <div
                        aria-required="true"
                        class="ant-select ant-select-in-form-item css-dev-only-do-not-override-1m62vyb ant-select-single ant-select-allow-clear ant-select-show-arrow"
                        style="width: 100%;"
                      >
                        <div
                          class="ant-select-selector"
                        >
                          <span
                            class="ant-select-selection-search"
                          >
                            <input
                              aria-activedescendant="attributeName_list_0"
                              aria-autocomplete="list"
                              aria-controls="attributeName_list"
                              aria-expanded="false"
                              aria-haspopup="listbox"
                              aria-owns="attributeName_list"
                              aria-required="true"
                              autocomplete="off"
                              class="ant-select-selection-search-input"
                              id="attributeName"
                              readonly=""
                              role="combobox"
                              style="opacity: 0;"
                              type="search"
                              unselectable="on"
                              value=""
                            />
                          </span>
                          <span
                            class="ant-select-selection-placeholder"
                          >
                            Select attribute name
                          </span>
                        </div>
                        <span
                          aria-hidden="true"
                          class="ant-select-arrow"
                          style="user-select: none;"
                          unselectable="on"
                        >
                          <span
                            aria-label="down"
                            class="anticon anticon-down ant-select-suffix"
                            role="img"
                          >
                            <svg
                              aria-hidden="true"
                              data-icon="down"
                              fill="currentColor"
                              focusable="false"
                              height="1em"
                              viewBox="64 64 896 896"
                              width="1em"
                            >
                              <path
                                d="M884 256h-75c-5.1 0-9.9 2.5-12.9 6.6L512 654.2 227.9 262.6c-3-4.1-7.8-6.6-12.9-6.6h-75c-6.5 0-10.3 7.4-6.5 12.7l352.6 486.1c12.8 17.6 39 17.6 51.7 0l352.6-486.1c3.9-5.3.1-12.7-6.4-12.7z"
                              />
                            </svg>
                          </span>
                        </span>
                      </div>
                    </div>
                  </div>
                </div>
              </div>
            </div>
          </div>
          <div
            class="ant-col ant-col-xs-12 ant-col-sm-12 ant-col-md-12 ant-col-lg-12 ant-col-xl-12 ant-col-xxl-12 css-dev-only-do-not-override-1m62vyb"
            style="padding-left: 10px; padding-right: 10px;"
          >
            <div
              class="ant-form-item css-dev-only-do-not-override-1m62vyb"
            >
              <div
                class="ant-row ant-form-item-row css-dev-only-do-not-override-1m62vyb"
              >
                <div
                  class="ant-col ant-form-item-label ant-form-item-label-left css-dev-only-do-not-override-1m62vyb"
                >
                  <label
                    class="ant-form-item-required"
                    for="value"
                    title="Attribute Value"
                  >
                    Attribute Value
                  </label>
                </div>
                <div
                  class="ant-col ant-form-item-control css-dev-only-do-not-override-1m62vyb"
                >
                  <div
                    class="ant-form-item-control-input"
                  >
                    <div
                      class="ant-form-item-control-input-content"
                    >
                      <input
                        aria-required="true"
                        class="ant-input css-dev-only-do-not-override-1m62vyb inputBox"
                        id="value"
                        placeholder="Enter attribute value"
                        type="text"
                        value=""
                      />
                    </div>
                  </div>
                </div>
              </div>
            </div>
          </div>
          <div
            class="ant-col ant-col-xs-0 ant-col-sm-0 ant-col-md-0 ant-col-lg-0 ant-col-xl-0 ant-col-xxl-0 css-dev-only-do-not-override-1m62vyb"
            style="padding-left: 10px; padding-right: 10px;"
          >
            <div
              class="ant-form-item css-dev-only-do-not-override-1m62vyb"
            >
              <div
                class="ant-row ant-form-item-row css-dev-only-do-not-override-1m62vyb"
              >
                <div
                  class="ant-col ant-form-item-control css-dev-only-do-not-override-1m62vyb"
                >
                  <div
                    class="ant-form-item-control-input"
                  >
                    <div
                      class="ant-form-item-control-input-content"
                    />
                  </div>
                </div>
              </div>
            </div>
          </div>
          <div
            class="ant-col ant-col-xs-0 ant-col-sm-0 ant-col-md-0 ant-col-lg-0 ant-col-xl-0 ant-col-xxl-0 css-dev-only-do-not-override-1m62vyb"
            style="padding-left: 10px; padding-right: 10px;"
          >
            <div
              class="ant-form-item css-dev-only-do-not-override-1m62vyb"
            >
              <div
                class="ant-row ant-form-item-row css-dev-only-do-not-override-1m62vyb"
              >
                <div
                  class="ant-col ant-form-item-control css-dev-only-do-not-override-1m62vyb"
                >
                  <div
                    class="ant-form-item-control-input"
                  >
                    <div
                      class="ant-form-item-control-input-content"
                    />
                  </div>
                </div>
              </div>
            </div>
          </div>
          <button
            class="ant-btn css-dev-only-do-not-override-1m62vyb ant-btn-primary"
            style="margin: 0px 0px 0px 12px;"
            type="submit"
          >
            <span
              class="ant-btn-icon"
            >
              <span
                aria-label="plus"
                class="anticon anticon-plus"
                role="img"
              >
                <svg
                  aria-hidden="true"
                  data-icon="plus"
                  fill="currentColor"
                  focusable="false"
                  height="1em"
                  viewBox="64 64 896 896"
                  width="1em"
                >
                  <defs>
                    <style />
                  </defs>
                  <path
                    d="M482 152h60q8 0 8 8v704q0 8-8 8h-60q-8 0-8-8V160q0-8 8-8z"
                  />
                  <path
                    d="M176 474h672q8 0 8 8v60q0 8-8 8H176q-8 0-8-8v-60q0-8 8-8z"
                  />
                </svg>
              </span>
            </span>
            <span>
              Add
            </span>
          </button>
        </div>
      </form>
      ;
    </div>
  </body>,
  "container": <div>
    <form
      autocomplete="off"
      class="ant-form ant-form-vertical css-dev-only-do-not-override-1m62vyb"
      id="myForm"
    >
      <div
        class="ant-row css-dev-only-do-not-override-1m62vyb"
        style="margin-left: -10px; margin-right: -10px;"
      >
        <div
          class="ant-col ant-col-xs-12 ant-col-sm-12 ant-col-md-12 ant-col-lg-12 ant-col-xl-12 ant-col-xxl-12 css-dev-only-do-not-override-1m62vyb"
          style="padding-left: 10px; padding-right: 10px;"
        >
          <div
            class="ant-form-item css-dev-only-do-not-override-1m62vyb"
          >
            <div
              class="ant-row ant-form-item-row css-dev-only-do-not-override-1m62vyb"
            >
              <div
                class="ant-col ant-form-item-label css-dev-only-do-not-override-1m62vyb"
              >
                <label
                  class="ant-form-item-required"
                  for="attributeName"
                  title="Attribute Name"
                >
                  Attribute Name
                </label>
              </div>
              <div
                class="ant-col ant-form-item-control css-dev-only-do-not-override-1m62vyb"
              >
                <div
                  class="ant-form-item-control-input"
                >
                  <div
                    class="ant-form-item-control-input-content"
                  >
                    <div
                      aria-required="true"
                      class="ant-select ant-select-in-form-item css-dev-only-do-not-override-1m62vyb ant-select-single ant-select-allow-clear ant-select-show-arrow"
                      style="width: 100%;"
                    >
                      <div
                        class="ant-select-selector"
                      >
                        <span
                          class="ant-select-selection-search"
                        >
                          <input
                            aria-activedescendant="attributeName_list_0"
                            aria-autocomplete="list"
                            aria-controls="attributeName_list"
                            aria-expanded="false"
                            aria-haspopup="listbox"
                            aria-owns="attributeName_list"
                            aria-required="true"
                            autocomplete="off"
                            class="ant-select-selection-search-input"
                            id="attributeName"
                            readonly=""
                            role="combobox"
                            style="opacity: 0;"
                            type="search"
                            unselectable="on"
                            value=""
                          />
                        </span>
                        <span
                          class="ant-select-selection-placeholder"
                        >
                          Select attribute name
                        </span>
                      </div>
                      <span
                        aria-hidden="true"
                        class="ant-select-arrow"
                        style="user-select: none;"
                        unselectable="on"
                      >
                        <span
                          aria-label="down"
                          class="anticon anticon-down ant-select-suffix"
                          role="img"
                        >
                          <svg
                            aria-hidden="true"
                            data-icon="down"
                            fill="currentColor"
                            focusable="false"
                            height="1em"
                            viewBox="64 64 896 896"
                            width="1em"
                          >
                            <path
                              d="M884 256h-75c-5.1 0-9.9 2.5-12.9 6.6L512 654.2 227.9 262.6c-3-4.1-7.8-6.6-12.9-6.6h-75c-6.5 0-10.3 7.4-6.5 12.7l352.6 486.1c12.8 17.6 39 17.6 51.7 0l352.6-486.1c3.9-5.3.1-12.7-6.4-12.7z"
                            />
                          </svg>
                        </span>
                      </span>
                    </div>
                  </div>
                </div>
              </div>
            </div>
          </div>
        </div>
        <div
          class="ant-col ant-col-xs-12 ant-col-sm-12 ant-col-md-12 ant-col-lg-12 ant-col-xl-12 ant-col-xxl-12 css-dev-only-do-not-override-1m62vyb"
          style="padding-left: 10px; padding-right: 10px;"
        >
          <div
            class="ant-form-item css-dev-only-do-not-override-1m62vyb"
          >
            <div
              class="ant-row ant-form-item-row css-dev-only-do-not-override-1m62vyb"
            >
              <div
                class="ant-col ant-form-item-label ant-form-item-label-left css-dev-only-do-not-override-1m62vyb"
              >
                <label
                  class="ant-form-item-required"
                  for="value"
                  title="Attribute Value"
                >
                  Attribute Value
                </label>
              </div>
              <div
                class="ant-col ant-form-item-control css-dev-only-do-not-override-1m62vyb"
              >
                <div
                  class="ant-form-item-control-input"
                >
                  <div
                    class="ant-form-item-control-input-content"
                  >
                    <input
                      aria-required="true"
                      class="ant-input css-dev-only-do-not-override-1m62vyb inputBox"
                      id="value"
                      placeholder="Enter attribute value"
                      type="text"
                      value=""
                    />
                  </div>
                </div>
              </div>
            </div>
          </div>
        </div>
        <div
          class="ant-col ant-col-xs-0 ant-col-sm-0 ant-col-md-0 ant-col-lg-0 ant-col-xl-0 ant-col-xxl-0 css-dev-only-do-not-override-1m62vyb"
          style="padding-left: 10px; padding-right: 10px;"
        >
          <div
            class="ant-form-item css-dev-only-do-not-override-1m62vyb"
          >
            <div
              class="ant-row ant-form-item-row css-dev-only-do-not-override-1m62vyb"
            >
              <div
                class="ant-col ant-form-item-control css-dev-only-do-not-override-1m62vyb"
              >
                <div
                  class="ant-form-item-control-input"
                >
                  <div
                    class="ant-form-item-control-input-content"
                  />
                </div>
              </div>
            </div>
          </div>
        </div>
        <div
          class="ant-col ant-col-xs-0 ant-col-sm-0 ant-col-md-0 ant-col-lg-0 ant-col-xl-0 ant-col-xxl-0 css-dev-only-do-not-override-1m62vyb"
          style="padding-left: 10px; padding-right: 10px;"
        >
          <div
            class="ant-form-item css-dev-only-do-not-override-1m62vyb"
          >
            <div
              class="ant-row ant-form-item-row css-dev-only-do-not-override-1m62vyb"
            >
              <div
                class="ant-col ant-form-item-control css-dev-only-do-not-override-1m62vyb"
              >
                <div
                  class="ant-form-item-control-input"
                >
                  <div
                    class="ant-form-item-control-input-content"
                  />
                </div>
              </div>
            </div>
          </div>
        </div>
        <button
          class="ant-btn css-dev-only-do-not-override-1m62vyb ant-btn-primary"
          style="margin: 0px 0px 0px 12px;"
          type="submit"
        >
          <span
            class="ant-btn-icon"
          >
            <span
              aria-label="plus"
              class="anticon anticon-plus"
              role="img"
            >
              <svg
                aria-hidden="true"
                data-icon="plus"
                fill="currentColor"
                focusable="false"
                height="1em"
                viewBox="64 64 896 896"
                width="1em"
              >
                <defs>
                  <style />
                </defs>
                <path
                  d="M482 152h60q8 0 8 8v704q0 8-8 8h-60q-8 0-8-8V160q0-8 8-8z"
                />
                <path
                  d="M176 474h672q8 0 8 8v60q0 8-8 8H176q-8 0-8-8v-60q0-8 8-8z"
                />
              </svg>
            </span>
          </span>
          <span>
            Add
          </span>
        </button>
      </div>
    </form>
    ;
  </div>,
  "debug": [Function],
  "findAllByAltText": [Function],
  "findAllByDisplayValue": [Function],
  "findAllByLabelText": [Function],
  "findAllByPlaceholderText": [Function],
  "findAllByRole": [Function],
  "findAllByTestId": [Function],
  "findAllByText": [Function],
  "findAllByTitle": [Function],
  "findByAltText": [Function],
  "findByDisplayValue": [Function],
  "findByLabelText": [Function],
  "findByPlaceholderText": [Function],
  "findByRole": [Function],
  "findByTestId": [Function],
  "findByText": [Function],
  "findByTitle": [Function],
  "getAllByAltText": [Function],
  "getAllByDisplayValue": [Function],
  "getAllByLabelText": [Function],
  "getAllByPlaceholderText": [Function],
  "getAllByRole": [Function],
  "getAllByTestId": [Function],
  "getAllByText": [Function],
  "getAllByTitle": [Function],
  "getByAltText": [Function],
  "getByDisplayValue": [Function],
  "getByLabelText": [Function],
  "getByPlaceholderText": [Function],
  "getByRole": [Function],
  "getByTestId": [Function],
  "getByText": [Function],
  "getByTitle": [Function],
  "queryAllByAltText": [Function],
  "queryAllByDisplayValue": [Function],
  "queryAllByLabelText": [Function],
  "queryAllByPlaceholderText": [Function],
  "queryAllByRole": [Function],
  "queryAllByTestId": [Function],
  "queryAllByText": [Function],
  "queryAllByTitle": [Function],
  "queryByAltText": [Function],
  "queryByDisplayValue": [Function],
  "queryByLabelText": [Function],
  "queryByPlaceholderText": [Function],
  "queryByRole": [Function],
  "queryByTestId": [Function],
  "queryByText": [Function],
  "queryByTitle": [Function],
  "rerender": [Function],
  "unmount": [Function],
}
`;
