// Jest Snapshot v1, https://goo.gl/fbAQLP

exports[`RoleManagementPageBase Components should render RoleManagementPageBase components 1`] = `
Object {
  "asFragment": [Function],
  "baseElement": <body>
    <div>
      <div
        class="ant-row pageHeader css-dev-only-do-not-override-14wwjjs"
        style="margin-left: -10px; margin-right: -10px;"
      >
        <div
          class="ant-col ant-col-xs-24 ant-col-sm-24 ant-col-md-24 ant-col-lg-24 ant-col-xl-24 ant-col-xxl-24 css-dev-only-do-not-override-14wwjjs"
          style="padding-left: 10px; padding-right: 10px;"
        >
          <div
            class="ant-space css-dev-only-do-not-override-14wwjjs ant-space-horizontal ant-space-align-center"
          >
            <div
              class="ant-space-item"
            >
              <div>
                <span
                  class="headingGradient"
                >
                  Role Management 
                  <span
                    class="favIconHeading"
                  >
                    <svg
                      baseProfile="tiny"
                      color="#B5B5B6"
                      fill="currentColor"
                      height="13"
                      stroke="currentColor"
                      stroke-width="0"
                      style="color: rgb(181, 181, 182);"
                      version="1.2"
                      viewBox="0 0 24 24"
                      width="13"
                      xmlns="http://www.w3.org/2000/svg"
                    >
                      <path
                        d="M3.1 11.3l3.6 3.3-1 4.6c-.1.6.1 1.2.6 1.5.2.2.5.3.8.3.2 0 .4 0 .6-.1 0 0 .1 0 .1-.1l4.1-2.3 4.1 2.3s.1 0 .1.1c.5.2 1.1.2 1.5-.1.5-.3.7-.9.6-1.5l-1-4.6c.4-.3 1-.9 1.6-1.5l1.9-1.7.1-.1c.4-.4.5-1 .3-1.5s-.6-.9-1.2-1h-.1l-4.7-.5-1.9-4.3s0-.1-.1-.1c-.1-.7-.6-1-1.1-1-.5 0-1 .3-1.3.8 0 0 0 .1-.1.1l-1.9 4.3-4.7.5h-.1c-.5.1-1 .5-1.2 1-.1.6 0 1.2.4 1.6z"
                      />
                    </svg>
                  </span>
                </span>
              </div>
            </div>
          </div>
        </div>
      </div>
      <div
        class="ant-row css-dev-only-do-not-override-14wwjjs"
        style="margin-left: -10px; margin-right: -10px;"
      >
        <div
          class="ant-col ant-col-xs-24 ant-col-sm-24 ant-col-md-24 ant-col-lg-24 ant-col-xl-24 ant-col-xxl-24 css-dev-only-do-not-override-14wwjjs"
          style="padding-left: 10px; padding-right: 10px;"
        >
          <div
            class="pageHeaderNameSection"
          />
        </div>
      </div>
      <div
        class="ant-row css-dev-only-do-not-override-14wwjjs"
        style="margin-left: -10px; margin-right: -10px;"
      >
        <div
          class="ant-col ant-col-xs-24 ant-col-sm-24 ant-col-md-24 ant-col-lg-24 ant-col-xl-24 css-dev-only-do-not-override-14wwjjs"
          style="padding-left: 10px; padding-right: 10px;"
        >
          <div
            class="contentHeaderBackground"
          >
            <div
              class="ant-row css-dev-only-do-not-override-14wwjjs"
              style="margin-left: -10px; margin-right: -10px;"
            >
              <div
                class="ant-col ant-col-xs-24 ant-col-sm-24 ant-col-md-16 ant-col-lg-16 ant-col-xl-16 css-dev-only-do-not-override-14wwjjs"
                style="padding-left: 10px; padding-right: 10px;"
              >
                <div
                  class="ant-row css-dev-only-do-not-override-14wwjjs"
                  style="margin-left: -10px; margin-right: -10px;"
                >
                  <div
                    class="ant-col lineHeight33 ant-col-xs-24 ant-col-sm-24 ant-col-md-8 ant-col-lg-5 ant-col-xl-5 css-dev-only-do-not-override-14wwjjs"
                    style="padding-left: 10px; padding-right: 10px;"
                  >
                    Role List
                  </div>
                  <div
                    class="ant-col ant-col-xs-24 ant-col-sm-24 ant-col-md-12 ant-col-lg-19 ant-col-xl-19 css-dev-only-do-not-override-14wwjjs"
                    style="padding-left: 10px; padding-right: 10px;"
                  >
                    <span
                      class="ant-input-group-wrapper ant-input-search headerSearchField css-dev-only-do-not-override-14wwjjs"
                    >
                      <span
                        class="ant-input-wrapper ant-input-group css-dev-only-do-not-override-14wwjjs"
                      >
                        <span
                          class="ant-input-affix-wrapper css-dev-only-do-not-override-14wwjjs"
                        >
                          <input
                            class="ant-input css-dev-only-do-not-override-14wwjjs"
                            placeholder="Search"
                            type="text"
                            value=""
                          />
                          <span
                            class="ant-input-suffix"
                          >
                            <span
                              class="ant-input-clear-icon ant-input-clear-icon-hidden"
                              role="button"
                              tabindex="-1"
                            >
                              <span
                                aria-label="close-circle"
                                class="anticon anticon-close-circle"
                                role="img"
                              >
                                <svg
                                  aria-hidden="true"
                                  data-icon="close-circle"
                                  fill="currentColor"
                                  focusable="false"
                                  height="1em"
                                  viewBox="64 64 896 896"
                                  width="1em"
                                >
                                  <path
                                    d="M512 64C264.6 64 64 264.6 64 512s200.6 448 448 448 448-200.6 448-448S759.4 64 512 64zm165.4 618.2l-66-.3L512 563.4l-99.3 118.4-66.1.3c-4.4 0-8-3.5-8-8 0-1.9.7-3.7 1.9-5.2l130.1-155L340.5 359a8.32 8.32 0 01-1.9-5.2c0-4.4 3.6-8 8-8l66.1.3L512 464.6l99.3-118.4 66-.3c4.4 0 8 3.5 8 8 0 1.9-.7 3.7-1.9 5.2L553.5 514l130 155c1.2 1.5 1.9 3.3 1.9 5.2 0 4.4-3.6 8-8 8z"
                                  />
                                </svg>
                              </span>
                            </span>
                          </span>
                        </span>
                        <span
                          class="ant-input-group-addon"
                        >
                          <button
                            class="ant-btn css-dev-only-do-not-override-14wwjjs ant-btn-default ant-btn-icon-only ant-input-search-button"
                            type="button"
                          >
                            <span
                              class="ant-btn-icon"
                            >
                              <span
                                aria-label="search"
                                class="anticon anticon-search"
                                role="img"
                              >
                                <svg
                                  aria-hidden="true"
                                  data-icon="search"
                                  fill="currentColor"
                                  focusable="false"
                                  height="1em"
                                  viewBox="64 64 896 896"
                                  width="1em"
                                >
                                  <path
                                    d="M909.6 854.5L649.9 594.8C690.2 542.7 712 479 712 412c0-80.2-31.3-155.4-87.9-212.1-56.6-56.7-132-87.9-212.1-87.9s-155.5 31.3-212.1 87.9C143.2 256.5 112 331.8 112 412c0 80.1 31.3 155.5 87.9 212.1C256.5 680.8 331.8 712 412 712c67 0 130.6-21.8 182.7-62l259.7 259.6a8.2 8.2 0 0011.6 0l43.6-43.5a8.2 8.2 0 000-11.6zM570.4 570.4C528 612.7 471.8 636 412 636s-116-23.3-158.4-65.6C211.3 528 188 471.8 188 412s23.3-116.1 65.6-158.4C296 211.3 352.2 188 412 188s116.1 23.2 158.4 65.6S636 352.2 636 412s-23.3 116.1-65.6 158.4z"
                                  />
                                </svg>
                              </span>
                            </span>
                          </button>
                        </span>
                      </span>
                    </span>
                  </div>
                </div>
              </div>
            </div>
          </div>
        </div>
      </div>
      <div
        class="ant-row css-dev-only-do-not-override-14wwjjs"
        style="margin-left: -10px; margin-right: -10px;"
      >
        <div
          class="ant-col ant-col-xs-24 ant-col-sm-24 ant-col-md-24 ant-col-lg-24 ant-col-xl-24 ant-col-xxl-24 css-dev-only-do-not-override-14wwjjs"
          style="padding-left: 10px; padding-right: 10px;"
        />
      </div>
      ;
    </div>
  </body>,
  "container": <div>
    <div
      class="ant-row pageHeader css-dev-only-do-not-override-14wwjjs"
      style="margin-left: -10px; margin-right: -10px;"
    >
      <div
        class="ant-col ant-col-xs-24 ant-col-sm-24 ant-col-md-24 ant-col-lg-24 ant-col-xl-24 ant-col-xxl-24 css-dev-only-do-not-override-14wwjjs"
        style="padding-left: 10px; padding-right: 10px;"
      >
        <div
          class="ant-space css-dev-only-do-not-override-14wwjjs ant-space-horizontal ant-space-align-center"
        >
          <div
            class="ant-space-item"
          >
            <div>
              <span
                class="headingGradient"
              >
                Role Management 
                <span
                  class="favIconHeading"
                >
                  <svg
                    baseProfile="tiny"
                    color="#B5B5B6"
                    fill="currentColor"
                    height="13"
                    stroke="currentColor"
                    stroke-width="0"
                    style="color: rgb(181, 181, 182);"
                    version="1.2"
                    viewBox="0 0 24 24"
                    width="13"
                    xmlns="http://www.w3.org/2000/svg"
                  >
                    <path
                      d="M3.1 11.3l3.6 3.3-1 4.6c-.1.6.1 1.2.6 1.5.2.2.5.3.8.3.2 0 .4 0 .6-.1 0 0 .1 0 .1-.1l4.1-2.3 4.1 2.3s.1 0 .1.1c.5.2 1.1.2 1.5-.1.5-.3.7-.9.6-1.5l-1-4.6c.4-.3 1-.9 1.6-1.5l1.9-1.7.1-.1c.4-.4.5-1 .3-1.5s-.6-.9-1.2-1h-.1l-4.7-.5-1.9-4.3s0-.1-.1-.1c-.1-.7-.6-1-1.1-1-.5 0-1 .3-1.3.8 0 0 0 .1-.1.1l-1.9 4.3-4.7.5h-.1c-.5.1-1 .5-1.2 1-.1.6 0 1.2.4 1.6z"
                    />
                  </svg>
                </span>
              </span>
            </div>
          </div>
        </div>
      </div>
    </div>
    <div
      class="ant-row css-dev-only-do-not-override-14wwjjs"
      style="margin-left: -10px; margin-right: -10px;"
    >
      <div
        class="ant-col ant-col-xs-24 ant-col-sm-24 ant-col-md-24 ant-col-lg-24 ant-col-xl-24 ant-col-xxl-24 css-dev-only-do-not-override-14wwjjs"
        style="padding-left: 10px; padding-right: 10px;"
      >
        <div
          class="pageHeaderNameSection"
        />
      </div>
    </div>
    <div
      class="ant-row css-dev-only-do-not-override-14wwjjs"
      style="margin-left: -10px; margin-right: -10px;"
    >
      <div
        class="ant-col ant-col-xs-24 ant-col-sm-24 ant-col-md-24 ant-col-lg-24 ant-col-xl-24 css-dev-only-do-not-override-14wwjjs"
        style="padding-left: 10px; padding-right: 10px;"
      >
        <div
          class="contentHeaderBackground"
        >
          <div
            class="ant-row css-dev-only-do-not-override-14wwjjs"
            style="margin-left: -10px; margin-right: -10px;"
          >
            <div
              class="ant-col ant-col-xs-24 ant-col-sm-24 ant-col-md-16 ant-col-lg-16 ant-col-xl-16 css-dev-only-do-not-override-14wwjjs"
              style="padding-left: 10px; padding-right: 10px;"
            >
              <div
                class="ant-row css-dev-only-do-not-override-14wwjjs"
                style="margin-left: -10px; margin-right: -10px;"
              >
                <div
                  class="ant-col lineHeight33 ant-col-xs-24 ant-col-sm-24 ant-col-md-8 ant-col-lg-5 ant-col-xl-5 css-dev-only-do-not-override-14wwjjs"
                  style="padding-left: 10px; padding-right: 10px;"
                >
                  Role List
                </div>
                <div
                  class="ant-col ant-col-xs-24 ant-col-sm-24 ant-col-md-12 ant-col-lg-19 ant-col-xl-19 css-dev-only-do-not-override-14wwjjs"
                  style="padding-left: 10px; padding-right: 10px;"
                >
                  <span
                    class="ant-input-group-wrapper ant-input-search headerSearchField css-dev-only-do-not-override-14wwjjs"
                  >
                    <span
                      class="ant-input-wrapper ant-input-group css-dev-only-do-not-override-14wwjjs"
                    >
                      <span
                        class="ant-input-affix-wrapper css-dev-only-do-not-override-14wwjjs"
                      >
                        <input
                          class="ant-input css-dev-only-do-not-override-14wwjjs"
                          placeholder="Search"
                          type="text"
                          value=""
                        />
                        <span
                          class="ant-input-suffix"
                        >
                          <span
                            class="ant-input-clear-icon ant-input-clear-icon-hidden"
                            role="button"
                            tabindex="-1"
                          >
                            <span
                              aria-label="close-circle"
                              class="anticon anticon-close-circle"
                              role="img"
                            >
                              <svg
                                aria-hidden="true"
                                data-icon="close-circle"
                                fill="currentColor"
                                focusable="false"
                                height="1em"
                                viewBox="64 64 896 896"
                                width="1em"
                              >
                                <path
                                  d="M512 64C264.6 64 64 264.6 64 512s200.6 448 448 448 448-200.6 448-448S759.4 64 512 64zm165.4 618.2l-66-.3L512 563.4l-99.3 118.4-66.1.3c-4.4 0-8-3.5-8-8 0-1.9.7-3.7 1.9-5.2l130.1-155L340.5 359a8.32 8.32 0 01-1.9-5.2c0-4.4 3.6-8 8-8l66.1.3L512 464.6l99.3-118.4 66-.3c4.4 0 8 3.5 8 8 0 1.9-.7 3.7-1.9 5.2L553.5 514l130 155c1.2 1.5 1.9 3.3 1.9 5.2 0 4.4-3.6 8-8 8z"
                                />
                              </svg>
                            </span>
                          </span>
                        </span>
                      </span>
                      <span
                        class="ant-input-group-addon"
                      >
                        <button
                          class="ant-btn css-dev-only-do-not-override-14wwjjs ant-btn-default ant-btn-icon-only ant-input-search-button"
                          type="button"
                        >
                          <span
                            class="ant-btn-icon"
                          >
                            <span
                              aria-label="search"
                              class="anticon anticon-search"
                              role="img"
                            >
                              <svg
                                aria-hidden="true"
                                data-icon="search"
                                fill="currentColor"
                                focusable="false"
                                height="1em"
                                viewBox="64 64 896 896"
                                width="1em"
                              >
                                <path
                                  d="M909.6 854.5L649.9 594.8C690.2 542.7 712 479 712 412c0-80.2-31.3-155.4-87.9-212.1-56.6-56.7-132-87.9-212.1-87.9s-155.5 31.3-212.1 87.9C143.2 256.5 112 331.8 112 412c0 80.1 31.3 155.5 87.9 212.1C256.5 680.8 331.8 712 412 712c67 0 130.6-21.8 182.7-62l259.7 259.6a8.2 8.2 0 0011.6 0l43.6-43.5a8.2 8.2 0 000-11.6zM570.4 570.4C528 612.7 471.8 636 412 636s-116-23.3-158.4-65.6C211.3 528 188 471.8 188 412s23.3-116.1 65.6-158.4C296 211.3 352.2 188 412 188s116.1 23.2 158.4 65.6S636 352.2 636 412s-23.3 116.1-65.6 158.4z"
                                />
                              </svg>
                            </span>
                          </span>
                        </button>
                      </span>
                    </span>
                  </span>
                </div>
              </div>
            </div>
          </div>
        </div>
      </div>
    </div>
    <div
      class="ant-row css-dev-only-do-not-override-14wwjjs"
      style="margin-left: -10px; margin-right: -10px;"
    >
      <div
        class="ant-col ant-col-xs-24 ant-col-sm-24 ant-col-md-24 ant-col-lg-24 ant-col-xl-24 ant-col-xxl-24 css-dev-only-do-not-override-14wwjjs"
        style="padding-left: 10px; padding-right: 10px;"
      />
    </div>
    ;
  </div>,
  "debug": [Function],
  "findAllByAltText": [Function],
  "findAllByDisplayValue": [Function],
  "findAllByLabelText": [Function],
  "findAllByPlaceholderText": [Function],
  "findAllByRole": [Function],
  "findAllByTestId": [Function],
  "findAllByText": [Function],
  "findAllByTitle": [Function],
  "findByAltText": [Function],
  "findByDisplayValue": [Function],
  "findByLabelText": [Function],
  "findByPlaceholderText": [Function],
  "findByRole": [Function],
  "findByTestId": [Function],
  "findByText": [Function],
  "findByTitle": [Function],
  "getAllByAltText": [Function],
  "getAllByDisplayValue": [Function],
  "getAllByLabelText": [Function],
  "getAllByPlaceholderText": [Function],
  "getAllByRole": [Function],
  "getAllByTestId": [Function],
  "getAllByText": [Function],
  "getAllByTitle": [Function],
  "getByAltText": [Function],
  "getByDisplayValue": [Function],
  "getByLabelText": [Function],
  "getByPlaceholderText": [Function],
  "getByRole": [Function],
  "getByTestId": [Function],
  "getByText": [Function],
  "getByTitle": [Function],
  "queryAllByAltText": [Function],
  "queryAllByDisplayValue": [Function],
  "queryAllByLabelText": [Function],
  "queryAllByPlaceholderText": [Function],
  "queryAllByRole": [Function],
  "queryAllByTestId": [Function],
  "queryAllByText": [Function],
  "queryAllByTitle": [Function],
  "queryByAltText": [Function],
  "queryByDisplayValue": [Function],
  "queryByLabelText": [Function],
  "queryByPlaceholderText": [Function],
  "queryByRole": [Function],
  "queryByTestId": [Function],
  "queryByText": [Function],
  "queryByTitle": [Function],
  "rerender": [Function],
  "unmount": [Function],
}
`;
