// Jest Snapshot v1, https://goo.gl/fbAQLP

exports[`ChangePasswordForm Components should render ChangePasswordForm components 1`] = `
Object {
  "asFragment": [Function],
  "baseElement": <body>
    <div>
      <form
        autocomplete="off"
        class="ant-form ant-form-vertical css-dev-only-do-not-override-w8mnev changePasswordForm"
        id="change_password"
      >
        <div
          class="ant-row css-dev-only-do-not-override-w8mnev"
          style="margin-left: -10px; margin-right: -10px;"
        >
          <div
            class="ant-col textfieldWithPrefix ant-col-xs-24 ant-col-sm-24 ant-col-md-24 ant-col-lg-24 ant-col-xl-24 css-dev-only-do-not-override-w8mnev"
            style="padding-left: 10px; padding-right: 10px;"
          >
            <div
              class="ant-form-item textfieldWithPrefix__input css-dev-only-do-not-override-w8mnev"
            >
              <div
                class="ant-row ant-form-item-row css-dev-only-do-not-override-w8mnev"
              >
                <div
                  class="ant-col ant-form-item-control css-dev-only-do-not-override-w8mnev"
                >
                  <div
                    class="ant-form-item-control-input"
                  >
                    <div
                      class="ant-form-item-control-input-content"
                    >
                      <span
                        class="ant-input-affix-wrapper css-dev-only-do-not-override-w8mnev"
                      >
                        <span
                          class="ant-input-prefix"
                        >
                          <svg
                            fill="none"
                            height="18"
                            stroke="currentColor"
                            stroke-linecap="round"
                            stroke-linejoin="round"
                            stroke-width="2"
                            viewBox="0 0 24 24"
                            width="18"
                            xmlns="http://www.w3.org/2000/svg"
                          >
                            <rect
                              height="11"
                              rx="2"
                              ry="2"
                              width="18"
                              x="3"
                              y="11"
                            />
                            <path
                              d="M7 11V7a5 5 0 0 1 10 0v4"
                            />
                          </svg>
                        </span>
                        <input
                          aria-required="true"
                          class="ant-input css-dev-only-do-not-override-w8mnev"
                          data-testid="oldPasswordInput"
                          id="change_password_oldPassword"
                          type="password"
                          value=""
                        />
                        <span
                          class="ant-input-suffix"
                        >
                          <span>
                            <svg
                              fill="currentColor"
                              height="18"
                              stroke="currentColor"
                              stroke-width="0"
                              viewBox="0 0 1024 1024"
                              width="18"
                              xmlns="http://www.w3.org/2000/svg"
                            >
                              <path
                                d="M942.2 486.2Q889.47 375.11 816.7 305l-50.88 50.88C807.31 395.53 843.45 447.4 874.7 512 791.5 684.2 673.4 766 512 766q-72.67 0-133.87-22.38L323 798.75Q408 838 512 838q288.3 0 430.2-300.3a60.29 60.29 0 0 0 0-51.5zm-63.57-320.64L836 122.88a8 8 0 0 0-11.32 0L715.31 232.2Q624.86 186 512 186q-288.3 0-430.2 300.3a60.3 60.3 0 0 0 0 51.5q56.69 119.4 136.5 191.41L112.48 835a8 8 0 0 0 0 11.31L155.17 889a8 8 0 0 0 11.31 0l712.15-712.12a8 8 0 0 0 0-11.32zM149.3 512C232.6 339.8 350.7 258 512 258c54.54 0 104.13 9.36 149.12 28.39l-70.3 70.3a176 176 0 0 0-238.13 238.13l-83.42 83.42C223.1 637.49 183.3 582.28 149.3 512zm246.7 0a112.11 112.11 0 0 1 146.2-106.69L401.31 546.2A112 112 0 0 1 396 512z"
                              />
                              <path
                                d="M508 624c-3.46 0-6.87-.16-10.25-.47l-52.82 52.82a176.09 176.09 0 0 0 227.42-227.42l-52.82 52.82c.31 3.38.47 6.79.47 10.25a111.94 111.94 0 0 1-112 112z"
                              />
                            </svg>
                          </span>
                        </span>
                      </span>
                    </div>
                  </div>
                </div>
              </div>
            </div>
            <label
              class="textfieldWithPrefix__label"
            >
              Old password
            </label>
          </div>
        </div>
        <div
          class="ant-row css-dev-only-do-not-override-w8mnev"
          style="margin-left: -10px; margin-right: -10px;"
        >
          <div
            class="ant-col textfieldWithPrefix ant-col-xs-24 ant-col-sm-24 ant-col-md-24 ant-col-lg-24 ant-col-xl-24 css-dev-only-do-not-override-w8mnev"
            style="padding-left: 10px; padding-right: 10px;"
          >
            <div
              class="ant-form-item textfieldWithPrefix__input css-dev-only-do-not-override-w8mnev"
            >
              <div
                class="ant-row ant-form-item-row css-dev-only-do-not-override-w8mnev"
              >
                <div
                  class="ant-col ant-form-item-control css-dev-only-do-not-override-w8mnev"
                >
                  <div
                    class="ant-form-item-control-input"
                  >
                    <div
                      class="ant-form-item-control-input-content"
                    >
                      <span
                        class="ant-input-affix-wrapper css-dev-only-do-not-override-w8mnev"
                      >
                        <span
                          class="ant-input-prefix"
                        >
                          <svg
                            fill="none"
                            height="18"
                            stroke="currentColor"
                            stroke-linecap="round"
                            stroke-linejoin="round"
                            stroke-width="2"
                            viewBox="0 0 24 24"
                            width="18"
                            xmlns="http://www.w3.org/2000/svg"
                          >
                            <rect
                              height="11"
                              rx="2"
                              ry="2"
                              width="18"
                              x="3"
                              y="11"
                            />
                            <path
                              d="M7 11V7a5 5 0 0 1 10 0v4"
                            />
                          </svg>
                        </span>
                        <input
                          aria-required="true"
                          class="ant-input css-dev-only-do-not-override-w8mnev"
                          data-testid="newPasswordInput"
                          id="change_password_newPassword"
                          type="password"
                          value=""
                        />
                        <span
                          class="ant-input-suffix"
                        >
                          <span>
                            <svg
                              fill="currentColor"
                              height="18"
                              stroke="currentColor"
                              stroke-width="0"
                              viewBox="0 0 1024 1024"
                              width="18"
                              xmlns="http://www.w3.org/2000/svg"
                            >
                              <path
                                d="M942.2 486.2Q889.47 375.11 816.7 305l-50.88 50.88C807.31 395.53 843.45 447.4 874.7 512 791.5 684.2 673.4 766 512 766q-72.67 0-133.87-22.38L323 798.75Q408 838 512 838q288.3 0 430.2-300.3a60.29 60.29 0 0 0 0-51.5zm-63.57-320.64L836 122.88a8 8 0 0 0-11.32 0L715.31 232.2Q624.86 186 512 186q-288.3 0-430.2 300.3a60.3 60.3 0 0 0 0 51.5q56.69 119.4 136.5 191.41L112.48 835a8 8 0 0 0 0 11.31L155.17 889a8 8 0 0 0 11.31 0l712.15-712.12a8 8 0 0 0 0-11.32zM149.3 512C232.6 339.8 350.7 258 512 258c54.54 0 104.13 9.36 149.12 28.39l-70.3 70.3a176 176 0 0 0-238.13 238.13l-83.42 83.42C223.1 637.49 183.3 582.28 149.3 512zm246.7 0a112.11 112.11 0 0 1 146.2-106.69L401.31 546.2A112 112 0 0 1 396 512z"
                              />
                              <path
                                d="M508 624c-3.46 0-6.87-.16-10.25-.47l-52.82 52.82a176.09 176.09 0 0 0 227.42-227.42l-52.82 52.82c.31 3.38.47 6.79.47 10.25a111.94 111.94 0 0 1-112 112z"
                              />
                            </svg>
                          </span>
                        </span>
                      </span>
                    </div>
                  </div>
                </div>
              </div>
            </div>
            <label
              class="textfieldWithPrefix__label"
            >
              New password
            </label>
          </div>
        </div>
        <div
          class="ant-row css-dev-only-do-not-override-w8mnev"
          style="margin-left: -10px; margin-right: -10px;"
        >
          <div
            class="ant-col textfieldWithPrefix ant-col-xs-24 ant-col-sm-24 ant-col-md-24 ant-col-lg-24 ant-col-xl-24 css-dev-only-do-not-override-w8mnev"
            style="padding-left: 10px; padding-right: 10px;"
          >
            <div
              class="ant-form-item textfieldWithPrefix__input css-dev-only-do-not-override-w8mnev"
            >
              <div
                class="ant-row ant-form-item-row css-dev-only-do-not-override-w8mnev"
              >
                <div
                  class="ant-col ant-form-item-control css-dev-only-do-not-override-w8mnev"
                >
                  <div
                    class="ant-form-item-control-input"
                  >
                    <div
                      class="ant-form-item-control-input-content"
                    >
                      <span
                        class="ant-input-affix-wrapper css-dev-only-do-not-override-w8mnev"
                      >
                        <span
                          class="ant-input-prefix"
                        >
                          <svg
                            fill="none"
                            height="18"
                            stroke="currentColor"
                            stroke-linecap="round"
                            stroke-linejoin="round"
                            stroke-width="2"
                            viewBox="0 0 24 24"
                            width="18"
                            xmlns="http://www.w3.org/2000/svg"
                          >
                            <rect
                              height="11"
                              rx="2"
                              ry="2"
                              width="18"
                              x="3"
                              y="11"
                            />
                            <path
                              d="M7 11V7a5 5 0 0 1 10 0v4"
                            />
                          </svg>
                        </span>
                        <input
                          aria-required="true"
                          class="ant-input css-dev-only-do-not-override-w8mnev"
                          data-testid="confirmNewPasswordInput"
                          id="change_password_confirmNewPassword"
                          type="password"
                          value=""
                        />
                        <span
                          class="ant-input-suffix"
                        >
                          <span>
                            <svg
                              fill="currentColor"
                              height="18"
                              stroke="currentColor"
                              stroke-width="0"
                              viewBox="0 0 1024 1024"
                              width="18"
                              xmlns="http://www.w3.org/2000/svg"
                            >
                              <path
                                d="M942.2 486.2Q889.47 375.11 816.7 305l-50.88 50.88C807.31 395.53 843.45 447.4 874.7 512 791.5 684.2 673.4 766 512 766q-72.67 0-133.87-22.38L323 798.75Q408 838 512 838q288.3 0 430.2-300.3a60.29 60.29 0 0 0 0-51.5zm-63.57-320.64L836 122.88a8 8 0 0 0-11.32 0L715.31 232.2Q624.86 186 512 186q-288.3 0-430.2 300.3a60.3 60.3 0 0 0 0 51.5q56.69 119.4 136.5 191.41L112.48 835a8 8 0 0 0 0 11.31L155.17 889a8 8 0 0 0 11.31 0l712.15-712.12a8 8 0 0 0 0-11.32zM149.3 512C232.6 339.8 350.7 258 512 258c54.54 0 104.13 9.36 149.12 28.39l-70.3 70.3a176 176 0 0 0-238.13 238.13l-83.42 83.42C223.1 637.49 183.3 582.28 149.3 512zm246.7 0a112.11 112.11 0 0 1 146.2-106.69L401.31 546.2A112 112 0 0 1 396 512z"
                              />
                              <path
                                d="M508 624c-3.46 0-6.87-.16-10.25-.47l-52.82 52.82a176.09 176.09 0 0 0 227.42-227.42l-52.82 52.82c.31 3.38.47 6.79.47 10.25a111.94 111.94 0 0 1-112 112z"
                              />
                            </svg>
                          </span>
                        </span>
                      </span>
                    </div>
                  </div>
                </div>
              </div>
            </div>
            <label
              class="textfieldWithPrefix__label"
            >
              Confirm password
            </label>
          </div>
        </div>
        <div
          class="ant-row css-dev-only-do-not-override-w8mnev"
          style="margin-left: -10px; margin-right: -10px;"
        >
          <div
            class="ant-col textCenter ant-col-xs-24 ant-col-sm-24 ant-col-md-24 ant-col-lg-24 ant-col-xl-24 css-dev-only-do-not-override-w8mnev"
            style="padding-left: 10px; padding-right: 10px;"
          >
            <button
              class="ant-btn css-dev-only-do-not-override-w8mnev ant-btn-primary"
              data-testid="changePassword"
              style="margin-top: 6px;"
              type="submit"
            >
              <span>
                Change Password
              </span>
            </button>
          </div>
        </div>
      </form>
      ;
    </div>
  </body>,
  "container": <div>
    <form
      autocomplete="off"
      class="ant-form ant-form-vertical css-dev-only-do-not-override-w8mnev changePasswordForm"
      id="change_password"
    >
      <div
        class="ant-row css-dev-only-do-not-override-w8mnev"
        style="margin-left: -10px; margin-right: -10px;"
      >
        <div
          class="ant-col textfieldWithPrefix ant-col-xs-24 ant-col-sm-24 ant-col-md-24 ant-col-lg-24 ant-col-xl-24 css-dev-only-do-not-override-w8mnev"
          style="padding-left: 10px; padding-right: 10px;"
        >
          <div
            class="ant-form-item textfieldWithPrefix__input css-dev-only-do-not-override-w8mnev"
          >
            <div
              class="ant-row ant-form-item-row css-dev-only-do-not-override-w8mnev"
            >
              <div
                class="ant-col ant-form-item-control css-dev-only-do-not-override-w8mnev"
              >
                <div
                  class="ant-form-item-control-input"
                >
                  <div
                    class="ant-form-item-control-input-content"
                  >
                    <span
                      class="ant-input-affix-wrapper css-dev-only-do-not-override-w8mnev"
                    >
                      <span
                        class="ant-input-prefix"
                      >
                        <svg
                          fill="none"
                          height="18"
                          stroke="currentColor"
                          stroke-linecap="round"
                          stroke-linejoin="round"
                          stroke-width="2"
                          viewBox="0 0 24 24"
                          width="18"
                          xmlns="http://www.w3.org/2000/svg"
                        >
                          <rect
                            height="11"
                            rx="2"
                            ry="2"
                            width="18"
                            x="3"
                            y="11"
                          />
                          <path
                            d="M7 11V7a5 5 0 0 1 10 0v4"
                          />
                        </svg>
                      </span>
                      <input
                        aria-required="true"
                        class="ant-input css-dev-only-do-not-override-w8mnev"
                        data-testid="oldPasswordInput"
                        id="change_password_oldPassword"
                        type="password"
                        value=""
                      />
                      <span
                        class="ant-input-suffix"
                      >
                        <span>
                          <svg
                            fill="currentColor"
                            height="18"
                            stroke="currentColor"
                            stroke-width="0"
                            viewBox="0 0 1024 1024"
                            width="18"
                            xmlns="http://www.w3.org/2000/svg"
                          >
                            <path
                              d="M942.2 486.2Q889.47 375.11 816.7 305l-50.88 50.88C807.31 395.53 843.45 447.4 874.7 512 791.5 684.2 673.4 766 512 766q-72.67 0-133.87-22.38L323 798.75Q408 838 512 838q288.3 0 430.2-300.3a60.29 60.29 0 0 0 0-51.5zm-63.57-320.64L836 122.88a8 8 0 0 0-11.32 0L715.31 232.2Q624.86 186 512 186q-288.3 0-430.2 300.3a60.3 60.3 0 0 0 0 51.5q56.69 119.4 136.5 191.41L112.48 835a8 8 0 0 0 0 11.31L155.17 889a8 8 0 0 0 11.31 0l712.15-712.12a8 8 0 0 0 0-11.32zM149.3 512C232.6 339.8 350.7 258 512 258c54.54 0 104.13 9.36 149.12 28.39l-70.3 70.3a176 176 0 0 0-238.13 238.13l-83.42 83.42C223.1 637.49 183.3 582.28 149.3 512zm246.7 0a112.11 112.11 0 0 1 146.2-106.69L401.31 546.2A112 112 0 0 1 396 512z"
                            />
                            <path
                              d="M508 624c-3.46 0-6.87-.16-10.25-.47l-52.82 52.82a176.09 176.09 0 0 0 227.42-227.42l-52.82 52.82c.31 3.38.47 6.79.47 10.25a111.94 111.94 0 0 1-112 112z"
                            />
                          </svg>
                        </span>
                      </span>
                    </span>
                  </div>
                </div>
              </div>
            </div>
          </div>
          <label
            class="textfieldWithPrefix__label"
          >
            Old password
          </label>
        </div>
      </div>
      <div
        class="ant-row css-dev-only-do-not-override-w8mnev"
        style="margin-left: -10px; margin-right: -10px;"
      >
        <div
          class="ant-col textfieldWithPrefix ant-col-xs-24 ant-col-sm-24 ant-col-md-24 ant-col-lg-24 ant-col-xl-24 css-dev-only-do-not-override-w8mnev"
          style="padding-left: 10px; padding-right: 10px;"
        >
          <div
            class="ant-form-item textfieldWithPrefix__input css-dev-only-do-not-override-w8mnev"
          >
            <div
              class="ant-row ant-form-item-row css-dev-only-do-not-override-w8mnev"
            >
              <div
                class="ant-col ant-form-item-control css-dev-only-do-not-override-w8mnev"
              >
                <div
                  class="ant-form-item-control-input"
                >
                  <div
                    class="ant-form-item-control-input-content"
                  >
                    <span
                      class="ant-input-affix-wrapper css-dev-only-do-not-override-w8mnev"
                    >
                      <span
                        class="ant-input-prefix"
                      >
                        <svg
                          fill="none"
                          height="18"
                          stroke="currentColor"
                          stroke-linecap="round"
                          stroke-linejoin="round"
                          stroke-width="2"
                          viewBox="0 0 24 24"
                          width="18"
                          xmlns="http://www.w3.org/2000/svg"
                        >
                          <rect
                            height="11"
                            rx="2"
                            ry="2"
                            width="18"
                            x="3"
                            y="11"
                          />
                          <path
                            d="M7 11V7a5 5 0 0 1 10 0v4"
                          />
                        </svg>
                      </span>
                      <input
                        aria-required="true"
                        class="ant-input css-dev-only-do-not-override-w8mnev"
                        data-testid="newPasswordInput"
                        id="change_password_newPassword"
                        type="password"
                        value=""
                      />
                      <span
                        class="ant-input-suffix"
                      >
                        <span>
                          <svg
                            fill="currentColor"
                            height="18"
                            stroke="currentColor"
                            stroke-width="0"
                            viewBox="0 0 1024 1024"
                            width="18"
                            xmlns="http://www.w3.org/2000/svg"
                          >
                            <path
                              d="M942.2 486.2Q889.47 375.11 816.7 305l-50.88 50.88C807.31 395.53 843.45 447.4 874.7 512 791.5 684.2 673.4 766 512 766q-72.67 0-133.87-22.38L323 798.75Q408 838 512 838q288.3 0 430.2-300.3a60.29 60.29 0 0 0 0-51.5zm-63.57-320.64L836 122.88a8 8 0 0 0-11.32 0L715.31 232.2Q624.86 186 512 186q-288.3 0-430.2 300.3a60.3 60.3 0 0 0 0 51.5q56.69 119.4 136.5 191.41L112.48 835a8 8 0 0 0 0 11.31L155.17 889a8 8 0 0 0 11.31 0l712.15-712.12a8 8 0 0 0 0-11.32zM149.3 512C232.6 339.8 350.7 258 512 258c54.54 0 104.13 9.36 149.12 28.39l-70.3 70.3a176 176 0 0 0-238.13 238.13l-83.42 83.42C223.1 637.49 183.3 582.28 149.3 512zm246.7 0a112.11 112.11 0 0 1 146.2-106.69L401.31 546.2A112 112 0 0 1 396 512z"
                            />
                            <path
                              d="M508 624c-3.46 0-6.87-.16-10.25-.47l-52.82 52.82a176.09 176.09 0 0 0 227.42-227.42l-52.82 52.82c.31 3.38.47 6.79.47 10.25a111.94 111.94 0 0 1-112 112z"
                            />
                          </svg>
                        </span>
                      </span>
                    </span>
                  </div>
                </div>
              </div>
            </div>
          </div>
          <label
            class="textfieldWithPrefix__label"
          >
            New password
          </label>
        </div>
      </div>
      <div
        class="ant-row css-dev-only-do-not-override-w8mnev"
        style="margin-left: -10px; margin-right: -10px;"
      >
        <div
          class="ant-col textfieldWithPrefix ant-col-xs-24 ant-col-sm-24 ant-col-md-24 ant-col-lg-24 ant-col-xl-24 css-dev-only-do-not-override-w8mnev"
          style="padding-left: 10px; padding-right: 10px;"
        >
          <div
            class="ant-form-item textfieldWithPrefix__input css-dev-only-do-not-override-w8mnev"
          >
            <div
              class="ant-row ant-form-item-row css-dev-only-do-not-override-w8mnev"
            >
              <div
                class="ant-col ant-form-item-control css-dev-only-do-not-override-w8mnev"
              >
                <div
                  class="ant-form-item-control-input"
                >
                  <div
                    class="ant-form-item-control-input-content"
                  >
                    <span
                      class="ant-input-affix-wrapper css-dev-only-do-not-override-w8mnev"
                    >
                      <span
                        class="ant-input-prefix"
                      >
                        <svg
                          fill="none"
                          height="18"
                          stroke="currentColor"
                          stroke-linecap="round"
                          stroke-linejoin="round"
                          stroke-width="2"
                          viewBox="0 0 24 24"
                          width="18"
                          xmlns="http://www.w3.org/2000/svg"
                        >
                          <rect
                            height="11"
                            rx="2"
                            ry="2"
                            width="18"
                            x="3"
                            y="11"
                          />
                          <path
                            d="M7 11V7a5 5 0 0 1 10 0v4"
                          />
                        </svg>
                      </span>
                      <input
                        aria-required="true"
                        class="ant-input css-dev-only-do-not-override-w8mnev"
                        data-testid="confirmNewPasswordInput"
                        id="change_password_confirmNewPassword"
                        type="password"
                        value=""
                      />
                      <span
                        class="ant-input-suffix"
                      >
                        <span>
                          <svg
                            fill="currentColor"
                            height="18"
                            stroke="currentColor"
                            stroke-width="0"
                            viewBox="0 0 1024 1024"
                            width="18"
                            xmlns="http://www.w3.org/2000/svg"
                          >
                            <path
                              d="M942.2 486.2Q889.47 375.11 816.7 305l-50.88 50.88C807.31 395.53 843.45 447.4 874.7 512 791.5 684.2 673.4 766 512 766q-72.67 0-133.87-22.38L323 798.75Q408 838 512 838q288.3 0 430.2-300.3a60.29 60.29 0 0 0 0-51.5zm-63.57-320.64L836 122.88a8 8 0 0 0-11.32 0L715.31 232.2Q624.86 186 512 186q-288.3 0-430.2 300.3a60.3 60.3 0 0 0 0 51.5q56.69 119.4 136.5 191.41L112.48 835a8 8 0 0 0 0 11.31L155.17 889a8 8 0 0 0 11.31 0l712.15-712.12a8 8 0 0 0 0-11.32zM149.3 512C232.6 339.8 350.7 258 512 258c54.54 0 104.13 9.36 149.12 28.39l-70.3 70.3a176 176 0 0 0-238.13 238.13l-83.42 83.42C223.1 637.49 183.3 582.28 149.3 512zm246.7 0a112.11 112.11 0 0 1 146.2-106.69L401.31 546.2A112 112 0 0 1 396 512z"
                            />
                            <path
                              d="M508 624c-3.46 0-6.87-.16-10.25-.47l-52.82 52.82a176.09 176.09 0 0 0 227.42-227.42l-52.82 52.82c.31 3.38.47 6.79.47 10.25a111.94 111.94 0 0 1-112 112z"
                            />
                          </svg>
                        </span>
                      </span>
                    </span>
                  </div>
                </div>
              </div>
            </div>
          </div>
          <label
            class="textfieldWithPrefix__label"
          >
            Confirm password
          </label>
        </div>
      </div>
      <div
        class="ant-row css-dev-only-do-not-override-w8mnev"
        style="margin-left: -10px; margin-right: -10px;"
      >
        <div
          class="ant-col textCenter ant-col-xs-24 ant-col-sm-24 ant-col-md-24 ant-col-lg-24 ant-col-xl-24 css-dev-only-do-not-override-w8mnev"
          style="padding-left: 10px; padding-right: 10px;"
        >
          <button
            class="ant-btn css-dev-only-do-not-override-w8mnev ant-btn-primary"
            data-testid="changePassword"
            style="margin-top: 6px;"
            type="submit"
          >
            <span>
              Change Password
            </span>
          </button>
        </div>
      </div>
    </form>
    ;
  </div>,
  "debug": [Function],
  "findAllByAltText": [Function],
  "findAllByDisplayValue": [Function],
  "findAllByLabelText": [Function],
  "findAllByPlaceholderText": [Function],
  "findAllByRole": [Function],
  "findAllByTestId": [Function],
  "findAllByText": [Function],
  "findAllByTitle": [Function],
  "findByAltText": [Function],
  "findByDisplayValue": [Function],
  "findByLabelText": [Function],
  "findByPlaceholderText": [Function],
  "findByRole": [Function],
  "findByTestId": [Function],
  "findByText": [Function],
  "findByTitle": [Function],
  "getAllByAltText": [Function],
  "getAllByDisplayValue": [Function],
  "getAllByLabelText": [Function],
  "getAllByPlaceholderText": [Function],
  "getAllByRole": [Function],
  "getAllByTestId": [Function],
  "getAllByText": [Function],
  "getAllByTitle": [Function],
  "getByAltText": [Function],
  "getByDisplayValue": [Function],
  "getByLabelText": [Function],
  "getByPlaceholderText": [Function],
  "getByRole": [Function],
  "getByTestId": [Function],
  "getByText": [Function],
  "getByTitle": [Function],
  "queryAllByAltText": [Function],
  "queryAllByDisplayValue": [Function],
  "queryAllByLabelText": [Function],
  "queryAllByPlaceholderText": [Function],
  "queryAllByRole": [Function],
  "queryAllByTestId": [Function],
  "queryAllByText": [Function],
  "queryAllByTitle": [Function],
  "queryByAltText": [Function],
  "queryByDisplayValue": [Function],
  "queryByLabelText": [Function],
  "queryByPlaceholderText": [Function],
  "queryByRole": [Function],
  "queryByTestId": [Function],
  "queryByText": [Function],
  "queryByTitle": [Function],
  "rerender": [Function],
  "unmount": [Function],
}
`;
