// Jest Snapshot v1, https://goo.gl/fbAQLP

exports[`PartyMasterPage Components should render PartyMasterPage components 1`] = `
Object {
  "$$typeof": Symbol(react.memo),
  "WrappedComponent": [Function],
  "compare": null,
  "type": [Function],
}
`;
