// Jest Snapshot v1, https://goo.gl/fbAQLP

exports[`Producthierarchy Components should render Producthierarchy components 1`] = `
Object {
  "asFragment": [Function],
  "baseElement": <body
    style="overflow: overlay;"
  >
    <div>
      <div
        class="contentHeaderBackground"
        data-testid="form-data"
      >
        <div
          class="ant-row css-dev-only-do-not-override-14wwjjs"
          style="margin-left: -10px; margin-right: -10px;"
        >
          <div
            class="ant-col ant-col-xs-24 ant-col-sm-24 ant-col-md-18 ant-col-lg-18 ant-col-xl-18 css-dev-only-do-not-override-14wwjjs"
            style="padding-left: 10px; padding-right: 10px;"
          >
            <form
              autocomplete="off"
              class="ant-form ant-form-horizontal css-dev-only-do-not-override-14wwjjs masterListSearchForm"
            >
              <div
                class="ant-form-item css-dev-only-do-not-override-14wwjjs"
              >
                <div
                  class="ant-row ant-form-item-row css-dev-only-do-not-override-14wwjjs"
                >
                  <div
                    class="ant-col ant-form-item-label css-dev-only-do-not-override-14wwjjs"
                  >
                    <label
                      class="ant-form-item-no-colon"
                      for="code"
                      title="Hierarchy"
                    >
                      Hierarchy
                    </label>
                  </div>
                  <div
                    class="ant-col ant-form-item-control css-dev-only-do-not-override-14wwjjs"
                  >
                    <div
                      class="ant-form-item-control-input"
                    >
                      <div
                        class="ant-form-item-control-input-content"
                      >
                        <div
                          class="ant-row css-dev-only-do-not-override-14wwjjs"
                          id="code"
                          style="margin-left: -10px; margin-right: -10px;"
                        >
                          <div
                            class="ant-col ant-col-xs-24 ant-col-sm-24 ant-col-md-12 ant-col-lg-12 ant-col-xl-12 css-dev-only-do-not-override-14wwjjs"
                            data-testid="treeSelectField"
                            style="padding-left: 10px; padding-right: 10px;"
                          >
                            <div
                              class="ant-select ant-tree-select ant-select-in-form-item css-dev-only-do-not-override-14wwjjs ant-select-single ant-select-allow-clear ant-select-show-arrow ant-select-show-search"
                              style="width: 100%;"
                            >
                              <div
                                class="ant-select-selector"
                              >
                                <span
                                  class="ant-select-selection-search"
                                >
                                  <input
                                    aria-autocomplete="list"
                                    aria-controls="rc_select_TEST_OR_SSR_list"
                                    aria-expanded="false"
                                    aria-haspopup="listbox"
                                    aria-owns="rc_select_TEST_OR_SSR_list"
                                    autocomplete="off"
                                    class="ant-select-selection-search-input"
                                    id="rc_select_TEST_OR_SSR"
                                    role="combobox"
                                    type="search"
                                    value=""
                                  />
                                </span>
                                <span
                                  class="ant-select-selection-placeholder"
                                >
                                  Select organization hierarchy
                                </span>
                              </div>
                              <span
                                aria-hidden="true"
                                class="ant-select-arrow"
                                style="user-select: none;"
                                unselectable="on"
                              >
                                <span
                                  aria-label="down"
                                  class="anticon anticon-down ant-select-suffix"
                                  role="img"
                                >
                                  <svg
                                    aria-hidden="true"
                                    data-icon="down"
                                    fill="currentColor"
                                    focusable="false"
                                    height="1em"
                                    viewBox="64 64 896 896"
                                    width="1em"
                                  >
                                    <path
                                      d="M884 256h-75c-5.1 0-9.9 2.5-12.9 6.6L512 654.2 227.9 262.6c-3-4.1-7.8-6.6-12.9-6.6h-75c-6.5 0-10.3 7.4-6.5 12.7l352.6 486.1c12.8 17.6 39 17.6 51.7 0l352.6-486.1c3.9-5.3.1-12.7-6.4-12.7z"
                                    />
                                  </svg>
                                </span>
                              </span>
                            </div>
                          </div>
                        </div>
                      </div>
                    </div>
                  </div>
                </div>
              </div>
            </form>
          </div>
        </div>
      </div>
      <div
        class="ant-row css-dev-only-do-not-override-14wwjjs"
        span="24"
        style="margin-left: -10px; margin-right: -10px;"
      >
        <div
          class="ant-col borderBottomCorner productHierarchy marT20 ant-col-xs-24 ant-col-sm-24 ant-col-md-24 ant-col-lg-24 ant-col-xl-24 css-dev-only-do-not-override-14wwjjs"
          style="padding-left: 10px; padding-right: 10px;"
        >
          <div
            class="content"
          >
            <div
              class="emptyContainer"
            >
              <div
                class="css-dev-only-do-not-override-14wwjjs ant-empty ant-empty-normal"
              >
                <div
                  class="ant-empty-image"
                  style="height: 60px;"
                >
                  <svg
                    height="41"
                    viewBox="0 0 64 41"
                    width="64"
                    xmlns="http://www.w3.org/2000/svg"
                  >
                    <g
                      fill="none"
                      fill-rule="evenodd"
                      transform="translate(0 1)"
                    >
                      <ellipse
                        cx="32"
                        cy="33"
                        fill="#f5f5f5"
                        rx="32"
                        ry="7"
                      />
                      <g
                        fill-rule="nonzero"
                        stroke="#d9d9d9"
                      >
                        <path
                          d="M55 12.76L44.854 1.258C44.367.474 43.656 0 42.907 0H21.093c-.749 0-1.46.474-1.947 1.257L9 12.761V22h46v-9.24z"
                        />
                        <path
                          d="M41.613 15.931c0-1.605.994-2.93 2.227-2.931H55v18.137C55 33.26 53.68 35 52.05 35h-40.1C10.32 35 9 33.259 9 31.137V13h11.16c1.233 0 2.227 1.323 2.227 2.928v.022c0 1.605 1.005 2.901 2.237 2.901h14.752c1.232 0 2.237-1.308 2.237-2.913v-.007z"
                          fill="#fafafa"
                        />
                      </g>
                    </g>
                  </svg>
                </div>
                <div
                  class="ant-empty-description"
                >
                  <span
                    class="descriptionText"
                  >
                    Please select hierarchy type to view records.
                  </span>
                </div>
              </div>
            </div>
          </div>
        </div>
      </div>
      ;
    </div>
  </body>,
  "container": <div>
    <div
      class="contentHeaderBackground"
      data-testid="form-data"
    >
      <div
        class="ant-row css-dev-only-do-not-override-14wwjjs"
        style="margin-left: -10px; margin-right: -10px;"
      >
        <div
          class="ant-col ant-col-xs-24 ant-col-sm-24 ant-col-md-18 ant-col-lg-18 ant-col-xl-18 css-dev-only-do-not-override-14wwjjs"
          style="padding-left: 10px; padding-right: 10px;"
        >
          <form
            autocomplete="off"
            class="ant-form ant-form-horizontal css-dev-only-do-not-override-14wwjjs masterListSearchForm"
          >
            <div
              class="ant-form-item css-dev-only-do-not-override-14wwjjs"
            >
              <div
                class="ant-row ant-form-item-row css-dev-only-do-not-override-14wwjjs"
              >
                <div
                  class="ant-col ant-form-item-label css-dev-only-do-not-override-14wwjjs"
                >
                  <label
                    class="ant-form-item-no-colon"
                    for="code"
                    title="Hierarchy"
                  >
                    Hierarchy
                  </label>
                </div>
                <div
                  class="ant-col ant-form-item-control css-dev-only-do-not-override-14wwjjs"
                >
                  <div
                    class="ant-form-item-control-input"
                  >
                    <div
                      class="ant-form-item-control-input-content"
                    >
                      <div
                        class="ant-row css-dev-only-do-not-override-14wwjjs"
                        id="code"
                        style="margin-left: -10px; margin-right: -10px;"
                      >
                        <div
                          class="ant-col ant-col-xs-24 ant-col-sm-24 ant-col-md-12 ant-col-lg-12 ant-col-xl-12 css-dev-only-do-not-override-14wwjjs"
                          data-testid="treeSelectField"
                          style="padding-left: 10px; padding-right: 10px;"
                        >
                          <div
                            class="ant-select ant-tree-select ant-select-in-form-item css-dev-only-do-not-override-14wwjjs ant-select-single ant-select-allow-clear ant-select-show-arrow ant-select-show-search"
                            style="width: 100%;"
                          >
                            <div
                              class="ant-select-selector"
                            >
                              <span
                                class="ant-select-selection-search"
                              >
                                <input
                                  aria-autocomplete="list"
                                  aria-controls="rc_select_TEST_OR_SSR_list"
                                  aria-expanded="false"
                                  aria-haspopup="listbox"
                                  aria-owns="rc_select_TEST_OR_SSR_list"
                                  autocomplete="off"
                                  class="ant-select-selection-search-input"
                                  id="rc_select_TEST_OR_SSR"
                                  role="combobox"
                                  type="search"
                                  value=""
                                />
                              </span>
                              <span
                                class="ant-select-selection-placeholder"
                              >
                                Select organization hierarchy
                              </span>
                            </div>
                            <span
                              aria-hidden="true"
                              class="ant-select-arrow"
                              style="user-select: none;"
                              unselectable="on"
                            >
                              <span
                                aria-label="down"
                                class="anticon anticon-down ant-select-suffix"
                                role="img"
                              >
                                <svg
                                  aria-hidden="true"
                                  data-icon="down"
                                  fill="currentColor"
                                  focusable="false"
                                  height="1em"
                                  viewBox="64 64 896 896"
                                  width="1em"
                                >
                                  <path
                                    d="M884 256h-75c-5.1 0-9.9 2.5-12.9 6.6L512 654.2 227.9 262.6c-3-4.1-7.8-6.6-12.9-6.6h-75c-6.5 0-10.3 7.4-6.5 12.7l352.6 486.1c12.8 17.6 39 17.6 51.7 0l352.6-486.1c3.9-5.3.1-12.7-6.4-12.7z"
                                  />
                                </svg>
                              </span>
                            </span>
                          </div>
                        </div>
                      </div>
                    </div>
                  </div>
                </div>
              </div>
            </div>
          </form>
        </div>
      </div>
    </div>
    <div
      class="ant-row css-dev-only-do-not-override-14wwjjs"
      span="24"
      style="margin-left: -10px; margin-right: -10px;"
    >
      <div
        class="ant-col borderBottomCorner productHierarchy marT20 ant-col-xs-24 ant-col-sm-24 ant-col-md-24 ant-col-lg-24 ant-col-xl-24 css-dev-only-do-not-override-14wwjjs"
        style="padding-left: 10px; padding-right: 10px;"
      >
        <div
          class="content"
        >
          <div
            class="emptyContainer"
          >
            <div
              class="css-dev-only-do-not-override-14wwjjs ant-empty ant-empty-normal"
            >
              <div
                class="ant-empty-image"
                style="height: 60px;"
              >
                <svg
                  height="41"
                  viewBox="0 0 64 41"
                  width="64"
                  xmlns="http://www.w3.org/2000/svg"
                >
                  <g
                    fill="none"
                    fill-rule="evenodd"
                    transform="translate(0 1)"
                  >
                    <ellipse
                      cx="32"
                      cy="33"
                      fill="#f5f5f5"
                      rx="32"
                      ry="7"
                    />
                    <g
                      fill-rule="nonzero"
                      stroke="#d9d9d9"
                    >
                      <path
                        d="M55 12.76L44.854 1.258C44.367.474 43.656 0 42.907 0H21.093c-.749 0-1.46.474-1.947 1.257L9 12.761V22h46v-9.24z"
                      />
                      <path
                        d="M41.613 15.931c0-1.605.994-2.93 2.227-2.931H55v18.137C55 33.26 53.68 35 52.05 35h-40.1C10.32 35 9 33.259 9 31.137V13h11.16c1.233 0 2.227 1.323 2.227 2.928v.022c0 1.605 1.005 2.901 2.237 2.901h14.752c1.232 0 2.237-1.308 2.237-2.913v-.007z"
                        fill="#fafafa"
                      />
                    </g>
                  </g>
                </svg>
              </div>
              <div
                class="ant-empty-description"
              >
                <span
                  class="descriptionText"
                >
                  Please select hierarchy type to view records.
                </span>
              </div>
            </div>
          </div>
        </div>
      </div>
    </div>
    ;
  </div>,
  "debug": [Function],
  "findAllByAltText": [Function],
  "findAllByDisplayValue": [Function],
  "findAllByLabelText": [Function],
  "findAllByPlaceholderText": [Function],
  "findAllByRole": [Function],
  "findAllByTestId": [Function],
  "findAllByText": [Function],
  "findAllByTitle": [Function],
  "findByAltText": [Function],
  "findByDisplayValue": [Function],
  "findByLabelText": [Function],
  "findByPlaceholderText": [Function],
  "findByRole": [Function],
  "findByTestId": [Function],
  "findByText": [Function],
  "findByTitle": [Function],
  "getAllByAltText": [Function],
  "getAllByDisplayValue": [Function],
  "getAllByLabelText": [Function],
  "getAllByPlaceholderText": [Function],
  "getAllByRole": [Function],
  "getAllByTestId": [Function],
  "getAllByText": [Function],
  "getAllByTitle": [Function],
  "getByAltText": [Function],
  "getByDisplayValue": [Function],
  "getByLabelText": [Function],
  "getByPlaceholderText": [Function],
  "getByRole": [Function],
  "getByTestId": [Function],
  "getByText": [Function],
  "getByTitle": [Function],
  "queryAllByAltText": [Function],
  "queryAllByDisplayValue": [Function],
  "queryAllByLabelText": [Function],
  "queryAllByPlaceholderText": [Function],
  "queryAllByRole": [Function],
  "queryAllByTestId": [Function],
  "queryAllByText": [Function],
  "queryAllByTitle": [Function],
  "queryByAltText": [Function],
  "queryByDisplayValue": [Function],
  "queryByLabelText": [Function],
  "queryByPlaceholderText": [Function],
  "queryByRole": [Function],
  "queryByTestId": [Function],
  "queryByText": [Function],
  "queryByTitle": [Function],
  "rerender": [Function],
  "unmount": [Function],
}
`;
